// Jest Snapshot v1, https://goo.gl/fbAQLP

exports[`CreationRace shows only primary select on render 1`] = `"Loading..."`;
